// Jest Snapshot v1, https://goo.gl/fbAQLP

exports[`DetailCard component matches snapshot 1`] = `
<div
  className="detail-card-wrapper"
/>
`;
