// Jest Snapshot v1, https://goo.gl/fbAQLP

exports[`Spinner component matches snapshot 1`] = `
<div
  className="lds-roller"
>
  <div />
  <div />
  <div />
  <div />
  <div />
  <div />
  <div />
  <div />
</div>
`;
